[09:38:31] >>> baseline_seed1
=== R_Hawkes baseline seed=1 ===
  loaded schemeP in 2.6s train(1473600, 370) test(442080, 370)
  feat_dim=359 (variant=baseline)
  X_tr(1399920, 359)  X_va(73680, 359)
wandb: [wandb.login()] Loaded credentials for https://api.wandb.ai from WANDB_API_KEY.
wandb: Currently logged in as: jingzheshi to https://api.wandb.ai. Use `wandb login --relogin` to force relogin
  wandb init failed: CommError('permission denied')
  cfg={'seed': 1, 'feature_fraction': 0.6, 'bagging_fraction': 0.7, 'num_leaves': 127, 'lambda_l2': 1.0}
Training until validation scores don't improve for 40 rounds
[50]	val's l1: 0.00185119
[100]	val's l1: 0.00184252
[150]	val's l1: 0.00183793
[200]	val's l1: 0.00183509
[250]	val's l1: 0.00183412
[300]	val's l1: 0.0018337
[350]	val's l1: 0.00183363
Early stopping, best iteration is:
[328]	val's l1: 0.00183323
  trained in 68.1s, best_iter=328
  VAL corr=0.1804 l1=1.521106e-03  TEST corr=0.1652 l1=1.172872e-03
  saved /root/projects/liangwenbei_workdir/experiments/R_Hawkes_OFI/pred_baseline_seed1.parquet
  TEST EV-gate cum_pnl=+32.8527 n_active=280,805
DONE baseline_seed1 cum_pnl=+32.8527 val_corr=0.1804 test_corr=0.1652
[1;34mwandb[0m: 
[1;34mwandb[0m: Find logs at: [1;35mwandb/run-20260508_093845-m62eurm2/logs[0m
[09:40:05] elapsed=94s
[09:40:05] >>> baseline_seed7
=== R_Hawkes baseline seed=7 ===
  loaded schemeP in 2.6s train(1473600, 370) test(442080, 370)
  feat_dim=359 (variant=baseline)
  X_tr(1399920, 359)  X_va(73680, 359)
wandb: [wandb.login()] Loaded credentials for https://api.wandb.ai from WANDB_API_KEY.
wandb: Currently logged in as: jingzheshi to https://api.wandb.ai. Use `wandb login --relogin` to force relogin
wandb: setting up run kdltdwwt
  wandb init failed: CommError('permission denied')
  cfg={'seed': 7, 'feature_fraction': 0.7, 'bagging_fraction': 0.85, 'num_leaves': 63, 'lambda_l2': 2.0}
Training until validation scores don't improve for 40 rounds
[50]	val's l1: 0.00185268
[100]	val's l1: 0.00184504
[150]	val's l1: 0.00184017
[200]	val's l1: 0.00183657
[250]	val's l1: 0.00183414
[300]	val's l1: 0.00183372
[350]	val's l1: 0.00183331
Early stopping, best iteration is:
[338]	val's l1: 0.00183317
  trained in 63.0s, best_iter=338
  VAL corr=0.1798 l1=1.518239e-03  TEST corr=0.1652 l1=1.169804e-03
  saved /root/projects/liangwenbei_workdir/experiments/R_Hawkes_OFI/pred_baseline_seed7.parquet
  TEST EV-gate cum_pnl=+34.3286 n_active=274,664
DONE baseline_seed7 cum_pnl=+34.3286 val_corr=0.1798 test_corr=0.1652
[1;34mwandb[0m: 
[1;34mwandb[0m: Find logs at: [1;35mwandb/run-20260508_094018-kdltdwwt/logs[0m
[09:41:34] elapsed=183s
[09:41:34] >>> baseline_seed42
=== R_Hawkes baseline seed=42 ===
  loaded schemeP in 1.8s train(1473600, 370) test(442080, 370)
  feat_dim=359 (variant=baseline)
  X_tr(1399920, 359)  X_va(73680, 359)
wandb: [wandb.login()] Loaded credentials for https://api.wandb.ai from WANDB_API_KEY.
wandb: Currently logged in as: jingzheshi to https://api.wandb.ai. Use `wandb login --relogin` to force relogin
wandb: setting up run dvsqmtj6
  wandb init failed: CommError('permission denied')
  cfg={'seed': 42, 'feature_fraction': 0.8, 'bagging_fraction': 0.8, 'num_leaves': 127, 'lambda_l2': 1.0}
Training until validation scores don't improve for 40 rounds
[50]	val's l1: 0.00185142
[100]	val's l1: 0.00184209
[150]	val's l1: 0.00183673
[200]	val's l1: 0.00183264
[250]	val's l1: 0.00183068
Early stopping, best iteration is:
[251]	val's l1: 0.00183063
  trained in 87.4s, best_iter=251
  VAL corr=0.1859 l1=1.515020e-03  TEST corr=0.1651 l1=1.167634e-03
  saved /root/projects/liangwenbei_workdir/experiments/R_Hawkes_OFI/pred_baseline_seed42.parquet
  TEST EV-gate cum_pnl=+34.2953 n_active=272,534
DONE baseline_seed42 cum_pnl=+34.2953 val_corr=0.1859 test_corr=0.1651
[1;34mwandb[0m: 
[1;34mwandb[0m: Find logs at: [1;35mwandb/run-20260508_094143-dvsqmtj6/logs[0m
[09:43:25] elapsed=294s
[09:43:25] >>> hawkes_seed1
=== R_Hawkes hawkes seed=1 ===
  loaded schemeP in 2.8s train(1473600, 370) test(442080, 370)
  feat_dim=365 (variant=hawkes)
  X_tr(1399920, 365)  X_va(73680, 365)
wandb: [wandb.login()] Loaded credentials for https://api.wandb.ai from WANDB_API_KEY.
wandb: Currently logged in as: jingzheshi to https://api.wandb.ai. Use `wandb login --relogin` to force relogin
  wandb init failed: CommError('permission denied')
  cfg={'seed': 1, 'feature_fraction': 0.6, 'bagging_fraction': 0.7, 'num_leaves': 127, 'lambda_l2': 1.0}
Training until validation scores don't improve for 40 rounds
[50]	val's l1: 0.00185083
[100]	val's l1: 0.00184276
[150]	val's l1: 0.00183782
[200]	val's l1: 0.00183401
[250]	val's l1: 0.00183253
[300]	val's l1: 0.00183199
[350]	val's l1: 0.00183263
Early stopping, best iteration is:
[331]	val's l1: 0.00183169
  trained in 106.5s, best_iter=331
  VAL corr=0.1854 l1=1.519856e-03  TEST corr=0.1645 l1=1.172175e-03
  saved /root/projects/liangwenbei_workdir/experiments/R_Hawkes_OFI/pred_hawkes_seed1.parquet
  TEST EV-gate cum_pnl=+32.9776 n_active=279,811
DONE hawkes_seed1 cum_pnl=+32.9776 val_corr=0.1854 test_corr=0.1645
[1;34mwandb[0m: 
[1;34mwandb[0m: Find logs at: [1;35mwandb/run-20260508_094340-gu1tg68d/logs[0m
[09:45:41] elapsed=430s
[09:45:41] >>> hawkes_seed7
=== R_Hawkes hawkes seed=7 ===
  loaded schemeP in 2.8s train(1473600, 370) test(442080, 370)
  feat_dim=365 (variant=hawkes)
  X_tr(1399920, 365)  X_va(73680, 365)
wandb: [wandb.login()] Loaded credentials for https://api.wandb.ai from WANDB_API_KEY.
wandb: Currently logged in as: jingzheshi to https://api.wandb.ai. Use `wandb login --relogin` to force relogin
  wandb init failed: CommError('permission denied')
  cfg={'seed': 7, 'feature_fraction': 0.7, 'bagging_fraction': 0.85, 'num_leaves': 63, 'lambda_l2': 2.0}
Training until validation scores don't improve for 40 rounds
[50]	val's l1: 0.00185265
[100]	val's l1: 0.00184491
[150]	val's l1: 0.0018398
[200]	val's l1: 0.00183719
[250]	val's l1: 0.00183585
[300]	val's l1: 0.00183478
[350]	val's l1: 0.00183388
Early stopping, best iteration is:
[350]	val's l1: 0.00183388
  trained in 95.0s, best_iter=350
  VAL corr=0.1794 l1=1.520290e-03  TEST corr=0.1668 l1=1.169917e-03
  saved /root/projects/liangwenbei_workdir/experiments/R_Hawkes_OFI/pred_hawkes_seed7.parquet
  TEST EV-gate cum_pnl=+35.2988 n_active=277,123
DONE hawkes_seed7 cum_pnl=+35.2988 val_corr=0.1794 test_corr=0.1668
[1;34mwandb[0m: 
[1;34mwandb[0m: Find logs at: [1;35mwandb/run-20260508_094556-g6azzzqm/logs[0m
[09:47:41] elapsed=550s
[09:47:41] >>> hawkes_seed42
=== R_Hawkes hawkes seed=42 ===
  loaded schemeP in 2.6s train(1473600, 370) test(442080, 370)
  feat_dim=365 (variant=hawkes)
  X_tr(1399920, 365)  X_va(73680, 365)
wandb: [wandb.login()] Loaded credentials for https://api.wandb.ai from WANDB_API_KEY.
wandb: Currently logged in as: jingzheshi to https://api.wandb.ai. Use `wandb login --relogin` to force relogin
wandb: setting up run xfh5vvdc
  wandb init failed: CommError('permission denied')
  cfg={'seed': 42, 'feature_fraction': 0.8, 'bagging_fraction': 0.8, 'num_leaves': 127, 'lambda_l2': 1.0}
Training until validation scores don't improve for 40 rounds
[50]	val's l1: 0.00185129
[100]	val's l1: 0.00184343
[150]	val's l1: 0.00183794
[200]	val's l1: 0.00183483
[250]	val's l1: 0.00183412
Early stopping, best iteration is:
[244]	val's l1: 0.00183357
  trained in 93.3s, best_iter=244
  VAL corr=0.1804 l1=1.517278e-03  TEST corr=0.1664 l1=1.167092e-03
  saved /root/projects/liangwenbei_workdir/experiments/R_Hawkes_OFI/pred_hawkes_seed42.parquet
  TEST EV-gate cum_pnl=+34.6574 n_active=272,312
DONE hawkes_seed42 cum_pnl=+34.6574 val_corr=0.1804 test_corr=0.1664
[1;34mwandb[0m: 
[1;34mwandb[0m: Find logs at: [1;35mwandb/run-20260508_094753-xfh5vvdc/logs[0m
[09:49:38] elapsed=667s
[09:49:38] all done in 667s
