[23:10:14] args: {'held': 4, 'epochs': 6, 'batch_size': 1024, 'lr': 0.0005, 'weight_decay': 0.005, 'num_workers': 4, 'seed': 42, 'patience': 2, 'swa_topk': 1, 'label_smoothing': 0.1, 'aug_a_lo': 0.8, 'aug_a_hi': 1.2, 'warmup_steps': 100, 'data_dir': '/root/projects/liangwenbei_workdir/data', 'stats': '/root/projects/liangwenbei_workdir/experiments/T1_nn_baseline/stats.npz', 'out_dir': '/root/projects/liangwenbei_workdir/experiments/T32_nn_h60', 'no_wandb': False, 'wandb_project': 'liangwenbei', 'wandb_entity': 'jingzheshi'}
[23:10:14] device: cuda
[23:10:14] gpu: NVIDIA GeForce RTX 3090
[23:10:14] Loading stats from /root/projects/liangwenbei_workdir/experiments/T1_nn_baseline/stats.npz
[23:10:14]   features: 154, log1p_cols: ['amount_delta']
[23:10:14] LOSO held=4: train=640 val=128 test=48
[23:10:21]   train ds: 1178880 samples in 6.6s
[23:10:22]   val ds: 235776 samples in 1.3s
[23:10:22]   test ds: 88416 samples in 0.5s
[23:10:22]   h60_idx=4 (in ['label_5', 'label_10', 'label_20', 'label_40', 'label_60'])
[23:10:23]   class_weights h60: dist=['0.245', '0.536', '0.219'] weights=['1.360', '0.622', '1.525']
[23:10:23] Normalizing train features...
[23:10:23]   normalize: replaced 97704 non-finite values across 640 sessions
[23:10:23] Normalizing val features...
[23:10:23]   normalize: replaced 81296 non-finite values across 128 sessions
[23:10:23] Normalizing test features...
[23:10:23]   normalize: replaced 0 non-finite values across 48 sessions
/usr/local/lib/python3.12/dist-packages/torch/nn/modules/conv.py:549: UserWarning: Using padding='same' with even kernel lengths and odd dilation may require a zero-padded copy of the input be created (Triggered internally at ../aten/src/ATen/native/Convolution.cpp:1036.)
  return F.conv2d(
[23:10:23] model: DeepLOB_H60, n_params=984243
[23:10:24] scheduler: warmup(100) + cosine over 6906 steps; epochs=6
wandb: [wandb.login()] Loaded credentials for https://api.wandb.ai from /root/.netrc.
wandb: Currently logged in as: jingzheshi to https://api.wandb.ai. Use `wandb login --relogin` to force relogin
wandb: Tracking run with wandb version 0.26.1
wandb: Run data is saved locally in /root/projects/liangwenbei_workdir/experiments/T32_nn_h60/wandb/run-20260506_231025-f9c1h0h5
wandb: Run `wandb offline` to turn off syncing.
wandb: Syncing run T32-NN-h60-fold4-20260506-231025
wandb: ⭐️ View project at https://wandb.ai/jingzheshi/liangwenbei
wandb: 🚀 View run at https://wandb.ai/jingzheshi/liangwenbei/runs/f9c1h0h5
[23:11:09]   epoch 1 step 200/1151: loss=1.1023 lr=5.00e-04
[23:11:51]   epoch 1 step 400/1151: loss=1.0951 lr=4.98e-04
[23:12:33]   epoch 1 step 600/1151: loss=1.0916 lr=4.93e-04
[23:13:14]   epoch 1 step 800/1151: loss=1.0893 lr=4.87e-04
[23:13:56]   epoch 1 step 1000/1151: loss=1.0876 lr=4.79e-04
[23:14:28] epoch 1 train: loss=1.0866 time=241.5s
[23:14:41] epoch 1 val: loss_proxy=0.9827 h60_argmax_pnl=-19.8596 h60_thr(T=0.45,d=0.10)_pnl=0.1550 acc=0.552 pred_dist=[0, 1, 2] time=13.1s
[23:14:41]   -> NEW BEST val_h60_thr_pnl=0.1550 at epoch 1
[23:15:23]   epoch 2 step 200/1151: loss=1.0785 lr=4.59e-04
[23:16:06]   epoch 2 step 400/1151: loss=1.0773 lr=4.46e-04
[23:16:48]   epoch 2 step 600/1151: loss=1.0766 lr=4.31e-04
[23:17:30]   epoch 2 step 800/1151: loss=1.0758 lr=4.14e-04
[23:18:11]   epoch 2 step 1000/1151: loss=1.0750 lr=3.96e-04
[23:18:43] epoch 2 train: loss=1.0743 time=242.1s
[23:18:56] epoch 2 val: loss_proxy=1.0075 h60_argmax_pnl=-19.9054 h60_thr(T=0.45,d=0.10)_pnl=-2.4564 acc=0.524 pred_dist=[0, 1, 2] time=12.8s
[23:18:56]   no improvement (1/2)
[23:19:38]   epoch 3 step 200/1151: loss=1.0665 lr=3.61e-04
[23:20:19]   epoch 3 step 400/1151: loss=1.0652 lr=3.40e-04
[23:21:01]   epoch 3 step 600/1151: loss=1.0640 lr=3.18e-04
[23:21:43]   epoch 3 step 800/1151: loss=1.0625 lr=2.96e-04
[23:22:25]   epoch 3 step 1000/1151: loss=1.0611 lr=2.73e-04
[23:22:57] epoch 3 train: loss=1.0600 time=241.3s
[23:23:10] epoch 3 val: loss_proxy=1.0227 h60_argmax_pnl=-23.2315 h60_thr(T=0.45,d=0.10)_pnl=-9.7163 acc=0.516 pred_dist=[0, 1, 2] time=12.8s
[23:23:10]   no improvement (2/2)
[23:23:10] early stop at epoch 3 (patience=2)
[23:23:10] SWA averaging 1 states, val_h60_thr_pnls=[0.15496216663953621]
[23:23:28] SWA val: argmax=-19.8596 thr(0.45,0.10)=0.1550 | SWA test: argmax=-11.3538 thr(0.45,0.10)=-5.2916 time=17.9s
[23:23:28]   test argmax: acc=0.420 pred_dist=[0, 1, 2] n_active=8003
[23:23:28] Wrote OOF -> /root/projects/liangwenbei_workdir/experiments/T32_nn_h60/loso_pred_nn_h60_held4.parquet (88416 rows)
[23:23:28] Saved SWA model -> /root/projects/liangwenbei_workdir/experiments/T32_nn_h60/model_h60_held4.pt
[23:23:28] Saved history -> /root/projects/liangwenbei_workdir/experiments/T32_nn_h60/fold4_history.json
wandb: updating run metadata
wandb: uploading config.yaml; uploading output.log; uploading wandb-summary.json
wandb: uploading history steps 2-2, summary, console lines 26-30
wandb: 
wandb: Run history:
wandb:                     epoch ▁▅█
wandb:                      fold ▁▁▁
wandb:                        lr █▅▁
wandb:                train/loss █▅▁
wandb:               val/h60_acc █▂▁
wandb:  val/h60_cum_pnl_T045d010 █▆▁
wandb:    val/h60_cum_pnl_argmax ██▁
wandb: val/h60_n_active_T045d010 ▁▄█
wandb:            val/loss_proxy ▁▅█
wandb: 
wandb: Run summary:
wandb:           best_epoch 1
wandb: best_val_h60_thr_pnl 0.15496
wandb:                epoch 3
wandb:                 fold 4
wandb:                   lr 0.00026
wandb:         swa_n_states 1
wandb:  swa_test_argmax_pnl -11.35377
wandb:     swa_test_thr_pnl -5.29156
wandb:           train/loss 1.05999
wandb:          val/h60_acc 0.51607
wandb:                   +4 ...
wandb: 
wandb: 🚀 View run T32-NN-h60-fold4-20260506-231025 at: https://wandb.ai/jingzheshi/liangwenbei/runs/f9c1h0h5
wandb: ⭐️ View project at: https://wandb.ai/jingzheshi/liangwenbei
wandb: Synced 5 W&B file(s), 0 media file(s), 0 artifact file(s) and 0 other file(s)
wandb: Find logs at: ./wandb/run-20260506_231025-f9c1h0h5/logs
[23:23:29] Fold training done.
